Warning: CHC: Overflow (resulting value larger than 2**256 - 1) happens here.
Counterexample:
w = {day: 0, spent: 115792089237316195423570985008687907853269984665640564039457584007913129639934}, maxTransaction = 115792089237316195423570985008687907853269984665640564039457584007913129639934, dailyLimit = 115792089237316195423570985008687907853269984665640564039457584007913129639934
amount = 2
today = 0
base = 115792089237316195423570985008687907853269984665640564039457584007913129639934
wouldBe = 0

Transaction trace:
PolicySpecBroken.constructor(115792089237316195423570985008687907853269984665640564039457584007913129639934, 115792089237316195423570985008687907853269984665640564039457584007913129639934)
State: w = {day: 0, spent: 0}, maxTransaction = 115792089237316195423570985008687907853269984665640564039457584007913129639934, dailyLimit = 115792089237316195423570985008687907853269984665640564039457584007913129639934
PolicySpecBroken.step(115792089237316195423570985008687907853269984665640564039457584007913129639934, 0)
State: w = {day: 0, spent: 115792089237316195423570985008687907853269984665640564039457584007913129639934}, maxTransaction = 115792089237316195423570985008687907853269984665640564039457584007913129639934, dailyLimit = 115792089237316195423570985008687907853269984665640564039457584007913129639934
PolicySpecBroken.step(2, 0)
  --> contracts/formal/PolicySpecBroken.sol:39:27:
   |
39 |         uint256 wouldBe = base + amount;
   |                           ^^^^^^^^^^^^^

Warning: CHC: Overflow (resulting value larger than 2**256 - 1) happens here.
Counterexample:
w = {day: 0, spent: 0}, maxTransaction = 1, dailyLimit = 115792089237316195423570985008687907853269984665640564039457584007913129639935
amount = 0
today = 0
base = 0
wouldBe = 0

Transaction trace:
PolicySpecBroken.constructor(1, 115792089237316195423570985008687907853269984665640564039457584007913129639935)
State: w = {day: 0, spent: 0}, maxTransaction = 1, dailyLimit = 115792089237316195423570985008687907853269984665640564039457584007913129639935
PolicySpecBroken.step(0, 0)
  --> contracts/formal/PolicySpecBroken.sol:43:23:
   |
43 |         if (wouldBe > dailyLimit + 1) revert("daily");
   |                       ^^^^^^^^^^^^^^

Warning: CHC: Assertion violation happens here.
Counterexample:
w = {day: 0, spent: 21240}, maxTransaction = 21239, dailyLimit = 21239
amount = 1
today = 0
base = 21239
wouldBe = 21240

Transaction trace:
PolicySpecBroken.constructor(21239, 21239)
State: w = {day: 0, spent: 0}, maxTransaction = 21239, dailyLimit = 21239
PolicySpecBroken.step(21239, 0)
State: w = {day: 0, spent: 21239}, maxTransaction = 21239, dailyLimit = 21239
PolicySpecBroken.step(1, 0)
  --> contracts/formal/PolicySpecBroken.sol:47:9:
   |
47 |         assert(w.spent <= dailyLimit); // solver finds: wouldBe == dailyLimit + 1
   |         ^^^^^^^^^^^^^^^^^^^^^^^^^^^^^

